Archive member included to satisfy reference by file (symbol)

C:/NXP/S32DS.3.4/S32DS/build_tools/gcc_v9.2/gcc-9.2-arm32-eabi/arm-none-eabi/newlib/lib/thumb/v7e-m/nofp\libm.a(lib_a-w_pow.o)
                              ./src/Message.o (pow)
C:/NXP/S32DS.3.4/S32DS/build_tools/gcc_v9.2/gcc-9.2-arm32-eabi/arm-none-eabi/newlib/lib/thumb/v7e-m/nofp\libm.a(lib_a-e_pow.o)
                              C:/NXP/S32DS.3.4/S32DS/build_tools/gcc_v9.2/gcc-9.2-arm32-eabi/arm-none-eabi/newlib/lib/thumb/v7e-m/nofp\libm.a(lib_a-w_pow.o) (__ieee754_pow)
C:/NXP/S32DS.3.4/S32DS/build_tools/gcc_v9.2/gcc-9.2-arm32-eabi/arm-none-eabi/newlib/lib/thumb/v7e-m/nofp\libm.a(lib_a-e_sqrt.o)
                              C:/NXP/S32DS.3.4/S32DS/build_tools/gcc_v9.2/gcc-9.2-arm32-eabi/arm-none-eabi/newlib/lib/thumb/v7e-m/nofp\libm.a(lib_a-e_pow.o) (__ieee754_sqrt)
C:/NXP/S32DS.3.4/S32DS/build_tools/gcc_v9.2/gcc-9.2-arm32-eabi/arm-none-eabi/newlib/lib/thumb/v7e-m/nofp\libm.a(lib_a-s_fabs.o)
                              C:/NXP/S32DS.3.4/S32DS/build_tools/gcc_v9.2/gcc-9.2-arm32-eabi/arm-none-eabi/newlib/lib/thumb/v7e-m/nofp\libm.a(lib_a-e_pow.o) (fabs)
C:/NXP/S32DS.3.4/S32DS/build_tools/gcc_v9.2/gcc-9.2-arm32-eabi/arm-none-eabi/newlib/lib/thumb/v7e-m/nofp\libm.a(lib_a-s_finite.o)
                              C:/NXP/S32DS.3.4/S32DS/build_tools/gcc_v9.2/gcc-9.2-arm32-eabi/arm-none-eabi/newlib/lib/thumb/v7e-m/nofp\libm.a(lib_a-w_pow.o) (finite)
C:/NXP/S32DS.3.4/S32DS/build_tools/gcc_v9.2/gcc-9.2-arm32-eabi/arm-none-eabi/newlib/lib/thumb/v7e-m/nofp\libm.a(lib_a-s_lib_ver.o)
                              C:/NXP/S32DS.3.4/S32DS/build_tools/gcc_v9.2/gcc-9.2-arm32-eabi/arm-none-eabi/newlib/lib/thumb/v7e-m/nofp\libm.a(lib_a-w_pow.o) (__fdlib_version)
C:/NXP/S32DS.3.4/S32DS/build_tools/gcc_v9.2/gcc-9.2-arm32-eabi/arm-none-eabi/newlib/lib/thumb/v7e-m/nofp\libm.a(lib_a-s_matherr.o)
                              C:/NXP/S32DS.3.4/S32DS/build_tools/gcc_v9.2/gcc-9.2-arm32-eabi/arm-none-eabi/newlib/lib/thumb/v7e-m/nofp\libm.a(lib_a-w_pow.o) (matherr)
C:/NXP/S32DS.3.4/S32DS/build_tools/gcc_v9.2/gcc-9.2-arm32-eabi/arm-none-eabi/newlib/lib/thumb/v7e-m/nofp\libm.a(lib_a-s_nan.o)
                              C:/NXP/S32DS.3.4/S32DS/build_tools/gcc_v9.2/gcc-9.2-arm32-eabi/arm-none-eabi/newlib/lib/thumb/v7e-m/nofp\libm.a(lib_a-e_pow.o) (nan)
C:/NXP/S32DS.3.4/S32DS/build_tools/gcc_v9.2/gcc-9.2-arm32-eabi/arm-none-eabi/newlib/lib/thumb/v7e-m/nofp\libm.a(lib_a-s_rint.o)
                              C:/NXP/S32DS.3.4/S32DS/build_tools/gcc_v9.2/gcc-9.2-arm32-eabi/arm-none-eabi/newlib/lib/thumb/v7e-m/nofp\libm.a(lib_a-w_pow.o) (rint)
C:/NXP/S32DS.3.4/S32DS/build_tools/gcc_v9.2/gcc-9.2-arm32-eabi/arm-none-eabi/newlib/lib/thumb/v7e-m/nofp\libm.a(lib_a-s_scalbn.o)
                              C:/NXP/S32DS.3.4/S32DS/build_tools/gcc_v9.2/gcc-9.2-arm32-eabi/arm-none-eabi/newlib/lib/thumb/v7e-m/nofp\libm.a(lib_a-e_pow.o) (scalbn)
c:/nxp/s32ds.3.4/s32ds/build_tools/gcc_v9.2/gcc-9.2-arm32-eabi/bin/../lib/gcc/arm-none-eabi/9.2.0/thumb/v7e-m/nofp\libgcc.a(_arm_muldf3.o)
                              ./src/Message.o (__aeabi_dmul)
c:/nxp/s32ds.3.4/s32ds/build_tools/gcc_v9.2/gcc-9.2-arm32-eabi/bin/../lib/gcc/arm-none-eabi/9.2.0/thumb/v7e-m/nofp\libgcc.a(_arm_addsubdf3.o)
                              C:/NXP/S32DS.3.4/S32DS/build_tools/gcc_v9.2/gcc-9.2-arm32-eabi/arm-none-eabi/newlib/lib/thumb/v7e-m/nofp\libm.a(lib_a-e_pow.o) (__aeabi_dsub)
c:/nxp/s32ds.3.4/s32ds/build_tools/gcc_v9.2/gcc-9.2-arm32-eabi/bin/../lib/gcc/arm-none-eabi/9.2.0/thumb/v7e-m/nofp\libgcc.a(_arm_muldivdf3.o)
                              C:/NXP/S32DS.3.4/S32DS/build_tools/gcc_v9.2/gcc-9.2-arm32-eabi/arm-none-eabi/newlib/lib/thumb/v7e-m/nofp\libm.a(lib_a-w_pow.o) (__aeabi_ddiv)
c:/nxp/s32ds.3.4/s32ds/build_tools/gcc_v9.2/gcc-9.2-arm32-eabi/bin/../lib/gcc/arm-none-eabi/9.2.0/thumb/v7e-m/nofp\libgcc.a(_arm_cmpdf2.o)
                              C:/NXP/S32DS.3.4/S32DS/build_tools/gcc_v9.2/gcc-9.2-arm32-eabi/arm-none-eabi/newlib/lib/thumb/v7e-m/nofp\libm.a(lib_a-w_pow.o) (__aeabi_dcmpeq)
c:/nxp/s32ds.3.4/s32ds/build_tools/gcc_v9.2/gcc-9.2-arm32-eabi/bin/../lib/gcc/arm-none-eabi/9.2.0/thumb/v7e-m/nofp\libgcc.a(_arm_unorddf2.o)
                              C:/NXP/S32DS.3.4/S32DS/build_tools/gcc_v9.2/gcc-9.2-arm32-eabi/arm-none-eabi/newlib/lib/thumb/v7e-m/nofp\libm.a(lib_a-w_pow.o) (__aeabi_dcmpun)
c:/nxp/s32ds.3.4/s32ds/build_tools/gcc_v9.2/gcc-9.2-arm32-eabi/bin/../lib/gcc/arm-none-eabi/9.2.0/thumb/v7e-m/nofp\libgcc.a(_arm_fixunsdfsi.o)
                              ./src/Message.o (__aeabi_d2uiz)
C:/NXP/S32DS.3.4/S32DS/build_tools/gcc_v9.2/gcc-9.2-arm32-eabi/arm-none-eabi/newlib/lib/thumb/v7e-m/nofp\libc.a(lib_a-errno.o)
                              C:/NXP/S32DS.3.4/S32DS/build_tools/gcc_v9.2/gcc-9.2-arm32-eabi/arm-none-eabi/newlib/lib/thumb/v7e-m/nofp\libm.a(lib_a-w_pow.o) (__errno)
C:/NXP/S32DS.3.4/S32DS/build_tools/gcc_v9.2/gcc-9.2-arm32-eabi/arm-none-eabi/newlib/lib/thumb/v7e-m/nofp\libc.a(lib_a-exit.o)
[...]
Memory Configuration

Name             Origin             Length             Attributes
m_interrupts     0x00000000         0x00000400         xr
m_flash_config   0x00000400         0x00000010         xr
m_text           0x00000410         0x0007fbf0         xr
m_data           0x1fff8000         0x00008000         rw
m_data_2         0x20000000         0x00007000         rw
*default*        0x00000000         0xffffffff

Linker script and memory map

LOAD c:/nxp/s32ds.3.4/s32ds/build_tools/gcc_v9.2/gcc-9.2-arm32-eabi/bin/../lib/gcc/arm-none-eabi/9.2.0/thumb/v7e-m/nofp/crti.o
LOAD c:/nxp/s32ds.3.4/s32ds/build_tools/gcc_v9.2/gcc-9.2-arm32-eabi/bin/../lib/gcc/arm-none-eabi/9.2.0/thumb/v7e-m/nofp/crtbegin.o
LOAD C:/NXP/S32DS.3.4/S32DS/build_tools/gcc_v9.2/gcc-9.2-arm32-eabi/arm-none-eabi/newlib/lib/thumb/v7e-m/nofp/crt0.o
LOAD ./Project_Settings/Startup_Code/startup.o
LOAD ./Project_Settings/Startup_Code/startup_S32K144.o
LOAD ./Project_Settings/Startup_Code/system_S32K144.o
LOAD ./core/Core_NVIC.o
LOAD ./core/systick.o
LOAD ./drivers/Driver_ADC.o
LOAD ./drivers/Driver_GPIO.o
LOAD ./src/Message.o
LOAD ./src/main.o
LOAD ./src/uart.o
LOAD C:/NXP/S32DS.3.4/S32DS/build_tools/gcc_v9.2/gcc-9.2-arm32-eabi/arm-none-eabi/newlib/lib/thumb/v7e-m/nofp\libm.a
LOAD C:/NXP/S32DS.3.4/S32DS/build_tools/gcc_v9.2/gcc-9.2-arm32-eabi/arm-none-eabi/newlib/lib/thumb/v7e-m/nofp\libstdc++.a
START GROUP
LOAD c:/nxp/s32ds.3.4/s32ds/build_tools/gcc_v9.2/gcc-9.2-arm32-eabi/bin/../lib/gcc/arm-none-eabi/9.2.0/thumb/v7e-m/nofp\libgcc.a
LOAD C:/NXP/S32DS.3.4/S32DS/build_tools/gcc_v9.2/gcc-9.2-arm32-eabi/arm-none-eabi/newlib/lib/thumb/v7e-m/nofp\libc.a
END GROUP
START GROUP
LOAD c:/nxp/s32ds.3.4/s32ds/build_tools/gcc_v9.2/gcc-9.2-arm32-eabi/bin/../lib/gcc/arm-none-eabi/9.2.0/thumb/v7e-m/nofp\libgcc.a
LOAD C:/NXP/S32DS.3.4/S32DS/build_tools/gcc_v9.2/gcc-9.2-arm32-eabi/arm-none-eabi/newlib/lib/thumb/v7e-m/nofp\libc.a
LOAD C:/NXP/S32DS.3.4/S32DS/build_tools/gcc_v9.2/gcc-9.2-arm32-eabi/arm-none-eabi/newlib/lib/thumb/v7e-m/nofp\libnosys.a
END GROUP
LOAD c:/nxp/s32ds.3.4/s32ds/build_tools/gcc_v9.2/gcc-9.2-arm32-eabi/bin/../lib/gcc/arm-none-eabi/9.2.0/thumb/v7e-m/nofp/crtend.o
LOAD c:/nxp/s32ds.3.4/s32ds/build_tools/gcc_v9.2/gcc-9.2-arm32-eabi/bin/../lib/gcc/arm-none-eabi/9.2.0/thumb/v7e-m/nofp/crtn.o
                0x00000400                HEAP_SIZE = DEFINED (__heap_size__)?__heap_size__:0x400
                0x00000400                STACK_SIZE = DEFINED (__stack_size__)?__stack_size__:0x400
                0x00000400                M_VECTOR_RAM_SIZE = DEFINED (__flash_vector_table__)?0x0:0x400

.interrupts     0x00000000      0x400
                0x00000000                __VECTOR_TABLE = .
                0x00000000                __interrupts_start__ = .
                0x00000000                . = ALIGN (0x4)
 *(.isr_vector)
 .isr_vector    0x00000000      0x400 ./Project_Settings/Startup_Code/startup_S32K144.o
                0x00000000                __isr_vector
                0x00000400                __interrupts_end__ = .
                0x00000400                . = ALIGN (0x4)

.flash_config   0x00000400       0x10
                0x00000400                . = ALIGN (0x4)
 *(.FlashConfig)
 .FlashConfig   0x00000400       0x10 ./Project_Settings/Startup_Code/startup_S32K144.o
                0x00000410                . = ALIGN (0x4)

.text           0x00000410     0x346c
                0x00000410                . = ALIGN (0x4)
 *(.text)
 .text          0x00000410       0x88 c:/nxp/s32ds.3.4/s32ds/build_tools/gcc_v9.2/gcc-9.2-arm32-eabi/bin/../lib/gcc/arm-none-eabi/9.2.0/thumb/v7e-m/nofp/crtbegin.o
 .text          0x00000498       0x7c C:/NXP/S32DS.3.4/S32DS/build_tools/gcc_v9.2/gcc-9.2-arm32-eabi/arm-none-eabi/newlib/lib/thumb/v7e-m/nofp/crt0.o
                0x00000498                _stack_init
                0x000004a0                _start
                0x000004a0                _mainCRTStartup
 .text          0x00000514       0x6c ./Project_Settings/Startup_Code/startup_S32K144.o
                0x00000514                Reset_Handler
                0x0000057c                DebugMon_Handler
                0x0000057c                Reserved88_IRQHandler
                0x0000057c                CAN0_ORed_IRQHandler
                0x0000057c                HardFault_Handler
                0x0000057c                Reserved86_IRQHandler
                0x0000057c                Reserved103_IRQHandler
                0x0000057c                FTM2_Ovf_Reload_IRQHandler
                0x0000057c                Reserved50_IRQHandler
                0x0000057c                FTFC_Fault_IRQHandler
                0x0000057c                FTM0_Ch6_Ch7_IRQHandler
                0x0000057c                Reserved114_IRQHandler
                0x0000057c                PendSV_Handler
                0x0000057c                NMI_Handler
                0x0000057c                Reserved89_IRQHandler
                0x0000057c                ERM_double_fault_IRQHandler
                0x0000057c                DMA2_IRQHandler
                0x0000057c                Reserved59_IRQHandler
                0x0000057c                Reserved99_IRQHandler
                0x0000057c                FTM3_Ch6_Ch7_IRQHandler
                0x0000057c                CAN2_ORed_0_15_MB_IRQHandler
                0x0000057c                LPIT0_Ch3_IRQHandler
                0x0000057c                Reserved92_IRQHandler
                0x0000057c                FTM0_Ch4_Ch5_IRQHandler
                0x0000057c                CAN1_Error_IRQHandler
                0x0000057c                FTM3_Ch0_Ch1_IRQHandler
                0x0000057c                SWI_IRQHandler
                0x0000057c                FTM2_Ch4_Ch5_IRQHandler
                0x0000057c                UsageFault_Handler
                0x0000057c                FTM0_Ovf_Reload_IRQHandler
                0x0000057c                DefaultISR
                0x0000057c                DMA9_IRQHandler
                0x0000057c                Reserved58_IRQHandler
                0x0000057c                CAN1_ORed_0_15_MB_IRQHandler
                0x0000057c                FTM1_Ch2_Ch3_IRQHandler
                0x0000057c                DMA14_IRQHandler
                0x0000057c                Reserved82_IRQHandler
                0x0000057c                CAN0_ORed_16_31_MB_IRQHandler
                0x0000057c                LPI2C0_Slave_IRQHandler
                0x0000057c                Reserved71_IRQHandler
                0x0000057c                PORTD_IRQHandler
                0x0000057c                Reserved69_IRQHandler
                0x0000057c                PORTB_IRQHandler
                0x0000057c                Reserved70_IRQHandler
                0x0000057c                ADC1_IRQHandler
                0x0000057c                FTM2_Ch2_Ch3_IRQHandler
                0x0000057c                Reserved53_IRQHandler
                0x0000057c                DMA5_IRQHandler
                0x0000057c                RTC_IRQHandler
                0x0000057c                PDB0_IRQHandler
                0x0000057c                Reserved54_IRQHandler
                0x0000057c                FTM2_Ch6_Ch7_IRQHandler
                0x0000057c                FTM3_Ch2_Ch3_IRQHandler
                0x0000057c                FTM2_Ch0_Ch1_IRQHandler
                0x0000057c                LPSPI1_IRQHandler
                0x0000057c                RTC_Seconds_IRQHandler
                0x0000057c                CAN2_ORed_IRQHandler
                0x0000057c                Reserved72_IRQHandler
                0x0000057c                Reserved110_IRQHandler
                0x0000057c                DMA11_IRQHandler
                0x0000057c                Reserved107_IRQHandler
                0x0000057c                Read_Collision_IRQHandler
                0x0000057c                CAN2_Error_IRQHandler
                0x0000057c                FTFC_IRQHandler
                0x0000057c                DMA7_IRQHandler
                0x0000057c                FTM1_Ch6_Ch7_IRQHandler
                0x0000057c                Reserved105_IRQHandler
                0x0000057c                LPIT0_Ch1_IRQHandler
                0x0000057c                FTM1_Ch4_Ch5_IRQHandler
                0x0000057c                FTM3_Ovf_Reload_IRQHandler
                0x0000057c                LPUART2_RxTx_IRQHandler
                0x0000057c                LPSPI0_IRQHandler
                0x0000057c                WDOG_EWM_IRQHandler
                0x0000057c                MemManage_Handler
                0x0000057c                Reserved90_IRQHandler
                0x0000057c                Reserved83_IRQHandler
                0x0000057c                FTM0_Fault_IRQHandler
                0x0000057c                Reserved48_IRQHandler
                0x0000057c                SVC_Handler
                0x0000057c                ERM_single_fault_IRQHandler
                0x0000057c                FTM2_Fault_IRQHandler
                0x0000057c                FTM0_Ch2_Ch3_IRQHandler
                0x0000057c                DMA13_IRQHandler
                0x0000057c                FTM0_Ch0_Ch1_IRQHandler
                0x0000057c                FTM3_Fault_IRQHandler
                0x0000057c                RCM_IRQHandler
                0x0000057c                DMA3_IRQHandler
                0x0000057c                Reserved100_IRQHandler
                0x0000057c                DMA0_IRQHandler
                0x0000057c                Reserved91_IRQHandler
                0x0000057c                CAN1_ORed_IRQHandler
                0x0000057c                DMA15_IRQHandler
                0x0000057c                SCG_IRQHandler
                0x0000057c                PDB1_IRQHandler
                0x0000057c                Reserved81_IRQHandler
                0x0000057c                Reserved46_IRQHandler
                0x0000057c                Reserved45_IRQHandler
                0x0000057c                CAN0_Error_IRQHandler
                0x0000057c                Reserved112_IRQHandler
                0x0000057c                LPI2C0_Master_IRQHandler
                0x0000057c                DMA4_IRQHandler
                0x0000057c                FTM1_Fault_IRQHandler
                0x0000057c                Reserved106_IRQHandler
                0x0000057c                DMA_Error_IRQHandler
                0x0000057c                LVD_LVW_IRQHandler
                0x0000057c                LPIT0_Ch2_IRQHandler
                0x0000057c                PORTA_IRQHandler
                0x0000057c                MCM_IRQHandler
                0x0000057c                LPSPI2_IRQHandler
                0x0000057c                DMA12_IRQHandler
                0x0000057c                FTM3_Ch4_Ch5_IRQHandler
                0x0000057c                CAN0_ORed_0_15_MB_IRQHandler
                0x0000057c                PORTE_IRQHandler
                0x0000057c                LPUART0_RxTx_IRQHandler
                0x0000057c                LPTMR0_IRQHandler
                0x0000057c                BusFault_Handler
                0x0000057c                Reserved87_IRQHandler
                0x0000057c                FTM1_Ovf_Reload_IRQHandler
                0x0000057c                DMA8_IRQHandler
                0x0000057c                Reserved93_IRQHandler
                0x0000057c                DMA10_IRQHandler
                0x0000057c                CAN0_Wake_Up_IRQHandler
                0x0000057c                CMP0_IRQHandler
                0x0000057c                Reserved52_IRQHandler
                0x0000057c                DMA6_IRQHandler
                0x0000057c                FTM1_Ch0_Ch1_IRQHandler
                0x0000057c                FLEXIO_IRQHandler
                0x0000057c                DMA1_IRQHandler
                0x0000057c                Reserved113_IRQHandler
 .text          0x00000580      0x378 c:/nxp/s32ds.3.4/s32ds/build_tools/gcc_v9.2/gcc-9.2-arm32-eabi/bin/../lib/gcc/arm-none-eabi/9.2.0/thumb/v7e-m/nofp\libgcc.a(_arm_addsubdf3.o)
                0x00000580                __aeabi_drsub
                0x00000588                __aeabi_dsub
                0x00000588                __subdf3
                0x0000058c                __aeabi_dadd
                0x0000058c                __adddf3
                0x00000804                __floatunsidf
                0x00000804                __aeabi_ui2d
                0x00000824                __floatsidf
                0x00000824                __aeabi_i2d
                0x00000848                __aeabi_f2d
                0x00000848                __extendsfdf2
                0x0000088c                __floatundidf
                0x0000088c                __aeabi_ul2d
                0x0000089c                __floatdidf
                0x0000089c                __aeabi_l2d
 .text          0x000008f8      0x424 c:/nxp/s32ds.3.4/s32ds/build_tools/gcc_v9.2/gcc-9.2-arm32-eabi/bin/../lib/gcc/arm-none-eabi/9.2.0/thumb/v7e-m/nofp\libgcc.a(_arm_muldivdf3.o)
                0x000008f8                __aeabi_dmul
                0x000008f8                __muldf3
                0x00000b4c                __divdf3
                0x00000b4c                __aeabi_ddiv
 .text          0x00000d1c      0x110 c:/nxp/s32ds.3.4/s32ds/build_tools/gcc_v9.2/gcc-9.2-arm32-eabi/bin/../lib/gcc/arm-none-eabi/9.2.0/thumb/v7e-m/nofp\libgcc.a(_arm_cmpdf2.o)
                0x00000d1c                __gtdf2
                0x00000d1c                __gedf2
                0x00000d24                __ltdf2
                0x00000d24                __ledf2
                0x00000d2c                __nedf2
                0x00000d2c                __eqdf2
                0x00000d2c                __cmpdf2
                0x00000da8                __aeabi_cdrcmple
                0x00000db8                __aeabi_cdcmpeq
                0x00000db8                __aeabi_cdcmple
                0x00000dc8                __aeabi_dcmpeq
                0x00000ddc                __aeabi_dcmplt
                0x00000df0                __aeabi_dcmple
                0x00000e04                __aeabi_dcmpge
                0x00000e18                __aeabi_dcmpgt
 .text          0x00000e2c       0x2c c:/nxp/s32ds.3.4/s32ds/build_tools/gcc_v9.2/gcc-9.2-arm32-eabi/bin/../lib/gcc/arm-none-eabi/9.2.0/thumb/v7e-m/nofp\libgcc.a(_arm_unorddf2.o)
                0x00000e2c                __unorddf2
                0x00000e2c                __aeabi_dcmpun
 .text          0x00000e58       0x40 c:/nxp/s32ds.3.4/s32ds/build_tools/gcc_v9.2/gcc-9.2-arm32-eabi/bin/../lib/gcc/arm-none-eabi/9.2.0/thumb/v7e-m/nofp\libgcc.a(_arm_fixunsdfsi.o)
                0x00000e58                __aeabi_d2uiz
                0x00000e58                __fixunsdfsi
 *(.text*)
 .text.init_data_bss
                0x00000e98      0x128 ./Project_Settings/Startup_Code/startup.o
                0x00000e98                init_data_bss
 .text.SystemInit
                0x00000fc0       0x30 ./Project_Settings/Startup_Code/system_S32K144.o
                0x00000fc0                SystemInit
 .text.NVIC_EnableIRQ
                0x00000ff0       0x3c ./core/Core_NVIC.o
                0x00000ff0                NVIC_EnableIRQ
 .text.SysTick_Handler
                0x0000102c       0x1c ./core/systick.o
                0x0000102c                SysTick_Handler
 .text.SysTick_Init
                0x00001048       0x3c ./core/systick.o
                0x00001048                SysTick_Init
 .text.millis   0x00001084       0x14 ./core/systick.o
                0x00001084                millis
 .text.delay_ms
                0x00001098       0x2a ./core/systick.o
                0x00001098                delay_ms
 *fill*         0x000010c2        0x2 
 .text.ADC_Init
                0x000010c4      0x16c ./drivers/Driver_ADC.o
                0x000010c4                ADC_Init
 .text.ADC_Read
                0x00001230       0x18 ./drivers/Driver_ADC.o
                0x00001230                ADC_Read
 .text.GPIO_Setup
                0x00001248      0x104 ./drivers/Driver_GPIO.o
 .text.GPIO_SetDirection
                0x0000134c       0xbc ./drivers/Driver_GPIO.o
 .text.GPIO_SetOutputMode
                0x00001408       0x42 ./drivers/Driver_GPIO.o
 *fill*         0x0000144a        0x2 
 .text.GPIO_SetPullResistor
                0x0000144c       0xdc ./drivers/Driver_GPIO.o
 .text.GPIO_SetEventTrigger
                0x00001528       0xfc ./drivers/Driver_GPIO.o
 .text.GPIO_SetOutput
                0x00001624       0x94 ./drivers/Driver_GPIO.o
 .text.GPIO_Toggle
                0x000016b8       0x7c ./drivers/Driver_GPIO.o
 .text.GPIO_GetInput
                0x00001734       0x88 ./drivers/Driver_GPIO.o
 .text.calculateChecksum
                0x000017bc       0x2e ./src/Message.o
                0x000017bc                calculateChecksum
 .text.createMessage
                0x000017ea       0x3c ./src/Message.o
                0x000017ea                createMessage
 .text.messageToString
                0x00001826       0x4a ./src/Message.o
                0x00001826                messageToString
 .text.uint8ToHexString
                0x00001870       0x60 ./src/Message.o
                0x00001870                uint8ToHexString
 .text.uint16ToHexString
                0x000018d0       0x94 ./src/Message.o
                0x000018d0                uint16ToHexString
 .text.Convert_Char_To_Hex
                0x00001964       0x40 ./src/Message.o
                0x00001964                Convert_Char_To_Hex
 .text.StrtoHex
                0x000019a4       0xac ./src/Message.o
                0x000019a4                StrtoHex
 .text.VerifyMessage
                0x00001a50       0x30 ./src/Message.o
                0x00001a50                VerifyMessage
 .text.substring
                0x00001a80       0x30 ./src/main.o
                0x00001a80                substring
 .text.GPIO_LEDInit
                0x00001ab0       0x54 ./src/main.o
                0x00001ab0                GPIO_LEDInit
 .text.ParseMessage
                0x00001b04       0xd8 ./src/main.o
                0x00001b04                ParseMessage
 .text.Getdata  0x00001bdc       0x60 ./src/main.o
                0x00001bdc                Getdata
 .text.receiveAndProcessMessage
                0x00001c3c       0x16 ./src/main.o
                0x00001c3c                receiveAndProcessMessage
 *fill*         0x00001c52        0x2 
 .text.ADC0_IRQHandler
                0x00001c54       0xc4 ./src/main.o
                0x00001c54                ADC0_IRQHandler
 .text.Button_Init
                0x00001d18       0x54 ./src/main.o
                0x00001d18                Button_Init
 .text.Timer_Init
                0x00001d6c       0xa4 ./src/main.o
                0x00001d6c                Timer_Init
 .text.PORTC_IRQHandler
                0x00001e10      0x1cc ./src/main.o
                0x00001e10                PORTC_IRQHandler
 .text.LPIT0_Ch0_IRQHandler
                0x00001fdc      0x128 ./src/main.o
                0x00001fdc                LPIT0_Ch0_IRQHandler
 .text.main     0x00002104       0xb4 ./src/main.o
                0x00002104                main
 .text.UART1_Enable
                0x000021b8       0xa8 ./src/uart.o
                0x000021b8                UART1_Enable
 .text.UART1_DefaultBaudrate
                0x00002260       0x48 ./src/uart.o
                0x00002260                UART1_DefaultBaudrate
 .text.UART1_ConfigFrame
                0x000022a8      0x158 ./src/uart.o
                0x000022a8                UART1_ConfigFrame
 .text.UART1_SetHandler
                0x00002400       0x1c ./src/uart.o
                0x00002400                UART1_SetHandler
 .text.UART1_Init
                0x0000241c       0x2e ./src/uart.o
                0x0000241c                UART1_Init
 *fill*         0x0000244a        0x2 
 .text.UART1_SendString
                0x0000244c       0x60 ./src/uart.o
                0x0000244c                UART1_SendString
 .text.UART1_ReceiveNonBlocking
                0x000024ac       0x40 ./src/uart.o
                0x000024ac                UART1_ReceiveNonBlocking
 .text.LPUART1_RxTx_IRQHandler
                0x000024ec       0x3c ./src/uart.o
                0x000024ec                LPUART1_RxTx_IRQHandler
 .text.pow      0x00002528      0x2bc C:/NXP/S32DS.3.4/S32DS/build_tools/gcc_v9.2/gcc-9.2-arm32-eabi/arm-none-eabi/newlib/lib/thumb/v7e-m/nofp\libm.a(lib_a-w_pow.o)
                0x00002528                pow
 *fill*         0x000027e4        0x4 
 .text.__ieee754_pow
                0x000027e8      0xa2c C:/NXP/S32DS.3.4/S32DS/build_tools/gcc_v9.2/gcc-9.2-arm32-eabi/arm-none-eabi/newlib/lib/thumb/v7e-m/nofp\libm.a(lib_a-e_pow.o)
                0x000027e8                __ieee754_pow
 .text.__ieee754_sqrt
                0x00003214      0x158 C:/NXP/S32DS.3.4/S32DS/build_tools/gcc_v9.2/gcc-9.2-arm32-eabi/arm-none-eabi/newlib/lib/thumb/v7e-m/nofp\libm.a(lib_a-e_sqrt.o)
                0x00003214                __ieee754_sqrt
 .text.fabs     0x0000336c        0x6 C:/NXP/S32DS.3.4/S32DS/build_tools/gcc_v9.2/gcc-9.2-arm32-eabi/arm-none-eabi/newlib/lib/thumb/v7e-m/nofp\libm.a(lib_a-s_fabs.o)
                0x0000336c                fabs
 .text.finite   0x00003372        0xc C:/NXP/S32DS.3.4/S32DS/build_tools/gcc_v9.2/gcc-9.2-arm32-eabi/arm-none-eabi/newlib/lib/thumb/v7e-m/nofp\libm.a(lib_a-s_finite.o)
                0x00003372                finite
 .text.matherr  0x0000337e        0x4 C:/NXP/S32DS.3.4/S32DS/build_tools/gcc_v9.2/gcc-9.2-arm32-eabi/arm-none-eabi/newlib/lib/thumb/v7e-m/nofp\libm.a(lib_a-s_matherr.o)
                0x0000337e                matherr
 *fill*         0x00003382        0x2 
 .text.nan      0x00003384        0xc C:/NXP/S32DS.3.4/S32DS/build_tools/gcc_v9.2/gcc-9.2-arm32-eabi/arm-none-eabi/newlib/lib/thumb/v7e-m/nofp\libm.a(lib_a-s_nan.o)
                0x00003384                nan
 .text.rint     0x00003390      0x114 C:/NXP/S32DS.3.4/S32DS/build_tools/gcc_v9.2/gcc-9.2-arm32-eabi/arm-none-eabi/newlib/lib/thumb/v7e-m/nofp\libm.a(lib_a-s_rint.o)
                0x00003390                rint
 *fill*         0x000034a4        0x4 
 .text.scalbn   0x000034a8      0x10c C:/NXP/S32DS.3.4/S32DS/build_tools/gcc_v9.2/gcc-9.2-arm32-eabi/arm-none-eabi/newlib/lib/thumb/v7e-m/nofp\libm.a(lib_a-s_scalbn.o)
                0x000034a8                scalbn
 .text.__errno  0x000035b4        0xc C:/NXP/S32DS.3.4/S32DS/build_tools/gcc_v9.2/gcc-9.2-arm32-eabi/arm-none-eabi/newlib/lib/thumb/v7e-m/nofp\libc.a(lib_a-errno.o)
                0x000035b4                __errno
 .text.exit     0x000035c0       0x20 C:/NXP/S32DS.3.4/S32DS/build_tools/gcc_v9.2/gcc-9.2-arm32-eabi/arm-none-eabi/newlib/lib/thumb/v7e-m/nofp\libc.a(lib_a-exit.o)
                0x000035c0                exit
 .text.__libc_init_array
                0x000035e0       0x48 C:/NXP/S32DS.3.4/S32DS/build_tools/gcc_v9.2/gcc-9.2-arm32-eabi/arm-none-eabi/newlib/lib/thumb/v7e-m/nofp\libc.a(lib_a-init.o)
                0x000035e0                __libc_init_array
 .text.memset   0x00003628       0x10 C:/NXP/S32DS.3.4/S32DS/build_tools/gcc_v9.2/gcc-9.2-arm32-eabi/arm-none-eabi/newlib/lib/thumb/v7e-m/nofp\libc.a(lib_a-memset.o)
                0x00003628                memset
 .text.strncpy  0x00003638       0x26 C:/NXP/S32DS.3.4/S32DS/build_tools/gcc_v9.2/gcc-9.2-arm32-eabi/arm-none-eabi/newlib/lib/thumb/v7e-m/nofp\libc.a(lib_a-strncpy.o)
                0x00003638                strncpy
 *fill*         0x0000365e        0x2 
 .text.startup.register_fini
                0x00003660       0x14 C:/NXP/S32DS.3.4/S32DS/build_tools/gcc_v9.2/gcc-9.2-arm32-eabi/arm-none-eabi/newlib/lib/thumb/v7e-m/nofp\libc.a(lib_a-__call_atexit.o)
 .text.__call_exitprocs
                0x00003674       0xa0 C:/NXP/S32DS.3.4/S32DS/build_tools/gcc_v9.2/gcc-9.2-arm32-eabi/arm-none-eabi/newlib/lib/thumb/v7e-m/nofp\libc.a(lib_a-__call_atexit.o)
                0x00003674                __call_exitprocs
 .text.__libc_fini_array
                0x00003714       0x28 C:/NXP/S32DS.3.4/S32DS/build_tools/gcc_v9.2/gcc-9.2-arm32-eabi/arm-none-eabi/newlib/lib/thumb/v7e-m/nofp\libc.a(lib_a-fini.o)
                0x00003714                __libc_fini_array
 .text.atexit   0x0000373c        0xc C:/NXP/S32DS.3.4/S32DS/build_tools/gcc_v9.2/gcc-9.2-arm32-eabi/arm-none-eabi/newlib/lib/thumb/v7e-m/nofp\libc.a(lib_a-atexit.o)
                0x0000373c                atexit
 .text.__register_exitproc
                0x00003748       0x64 C:/NXP/S32DS.3.4/S32DS/build_tools/gcc_v9.2/gcc-9.2-arm32-eabi/arm-none-eabi/newlib/lib/thumb/v7e-m/nofp\libc.a(lib_a-__atexit.o)
                0x00003748                __register_exitproc
 .text._exit    0x000037ac        0x2 C:/NXP/S32DS.3.4/S32DS/build_tools/gcc_v9.2/gcc-9.2-arm32-eabi/arm-none-eabi/newlib/lib/thumb/v7e-m/nofp\libnosys.a(_exit.o)
                0x000037ac                _exit
 *(.rodata)
 *fill*         0x000037ae        0x2 
 .rodata        0x000037b0       0x49 ./src/Message.o
 *(.rodata*)
 *fill*         0x000037f9        0x3 
 .rodata.Driver_GPIO
                0x000037fc       0x20 ./drivers/Driver_GPIO.o
                0x000037fc                Driver_GPIO
 .rodata.pow.str1.1
                0x0000381c        0x4 C:/NXP/S32DS.3.4/S32DS/build_tools/gcc_v9.2/gcc-9.2-arm32-eabi/arm-none-eabi/newlib/lib/thumb/v7e-m/nofp\libm.a(lib_a-w_pow.o)
 .rodata.__ieee754_pow.str1.1
                0x00003820        0x4 C:/NXP/S32DS.3.4/S32DS/build_tools/gcc_v9.2/gcc-9.2-arm32-eabi/arm-none-eabi/newlib/lib/thumb/v7e-m/nofp\libm.a(lib_a-e_pow.o)
                                  0x1 (size before relaxing)
 .rodata.bp     0x00003820       0x10 C:/NXP/S32DS.3.4/S32DS/build_tools/gcc_v9.2/gcc-9.2-arm32-eabi/arm-none-eabi/newlib/lib/thumb/v7e-m/nofp\libm.a(lib_a-e_pow.o)
 .rodata.dp_h   0x00003830       0x10 C:/NXP/S32DS.3.4/S32DS/build_tools/gcc_v9.2/gcc-9.2-arm32-eabi/arm-none-eabi/newlib/lib/thumb/v7e-m/nofp\libm.a(lib_a-e_pow.o)
 .rodata.dp_l   0x00003840       0x10 C:/NXP/S32DS.3.4/S32DS/build_tools/gcc_v9.2/gcc-9.2-arm32-eabi/arm-none-eabi/newlib/lib/thumb/v7e-m/nofp\libm.a(lib_a-e_pow.o)
 .rodata.TWO52  0x00003850       0x10 C:/NXP/S32DS.3.4/S32DS/build_tools/gcc_v9.2/gcc-9.2-arm32-eabi/arm-none-eabi/newlib/lib/thumb/v7e-m/nofp\libm.a(lib_a-s_rint.o)
 .rodata._global_impure_ptr
                0x00003860        0x4 C:/NXP/S32DS.3.4/S32DS/build_tools/gcc_v9.2/gcc-9.2-arm32-eabi/arm-none-eabi/newlib/lib/thumb/v7e-m/nofp\libc.a(lib_a-impure.o)
                0x00003860                _global_impure_ptr
 *(.glue_7)
 .glue_7        0x00003864        0x0 linker stubs
 *(.glue_7t)
 .glue_7t       0x00003864        0x0 linker stubs
 *(.eh_frame)
 .eh_frame      0x00003864        0x0 c:/nxp/s32ds.3.4/s32ds/build_tools/gcc_v9.2/gcc-9.2-arm32-eabi/bin/../lib/gcc/arm-none-eabi/9.2.0/thumb/v7e-m/nofp/crtbegin.o
 *(.init)
 .init          0x00003864        0x4 c:/nxp/s32ds.3.4/s32ds/build_tools/gcc_v9.2/gcc-9.2-arm32-eabi/bin/../lib/gcc/arm-none-eabi/9.2.0/thumb/v7e-m/nofp/crti.o
                0x00003864                _init
 .init          0x00003868        0x8 c:/nxp/s32ds.3.4/s32ds/build_tools/gcc_v9.2/gcc-9.2-arm32-eabi/bin/../lib/gcc/arm-none-eabi/9.2.0/thumb/v7e-m/nofp/crtn.o
 *(.fini)
 .fini          0x00003870        0x4 c:/nxp/s32ds.3.4/s32ds/build_tools/gcc_v9.2/gcc-9.2-arm32-eabi/bin/../lib/gcc/arm-none-eabi/9.2.0/thumb/v7e-m/nofp/crti.o
                0x00003870                _fini
 .fini          0x00003874        0x8 c:/nxp/s32ds.3.4/s32ds/build_tools/gcc_v9.2/gcc-9.2-arm32-eabi/bin/../lib/gcc/arm-none-eabi/9.2.0/thumb/v7e-m/nofp/crtn.o
                0x0000387c                . = ALIGN (0x4)

.vfp11_veneer   0x0000387c        0x0
 .vfp11_veneer  0x0000387c        0x0 linker stubs

.v4_bx          0x0000387c        0x0
 .v4_bx         0x0000387c        0x0 linker stubs

.iplt           0x0000387c        0x0
 .iplt          0x0000387c        0x0 c:/nxp/s32ds.3.4/s32ds/build_tools/gcc_v9.2/gcc-9.2-arm32-eabi/bin/../lib/gcc/arm-none-eabi/9.2.0/thumb/v7e-m/nofp/crtbegin.o

.ARM.extab
 *(.ARM.extab* .gnu.linkonce.armextab.*)

.ARM            0x0000387c        0x8
                0x0000387c                __exidx_start = .
 *(.ARM.exidx*)
 .ARM.exidx     0x0000387c        0x8 C:/NXP/S32DS.3.4/S32DS/build_tools/gcc_v9.2/gcc-9.2-arm32-eabi/arm-none-eabi/newlib/lib/thumb/v7e-m/nofp/crt0.o
                                 0x10 (size before relaxing)
                0x00003884                __exidx_end = .

.rel.dyn        0x00003884        0x0
 .rel.iplt      0x00003884        0x0 c:/nxp/s32ds.3.4/s32ds/build_tools/gcc_v9.2/gcc-9.2-arm32-eabi/bin/../lib/gcc/arm-none-eabi/9.2.0/thumb/v7e-m/nofp/crtbegin.o

.ctors          0x00003884        0x0
                0x00003884                __CTOR_LIST__ = .
 *crtbegin.o(.ctors)
 *crtbegin?.o(.ctors)
 *(EXCLUDE_FILE(*crtend.o *crtend?.o) .ctors)
 *(SORT_BY_NAME(.ctors.*))
 *(.ctors)
                0x00003884                __CTOR_END__ = .

.dtors          0x00003884        0x0
                0x00003884                __DTOR_LIST__ = .
 *crtbegin.o(.dtors)
 *crtbegin?.o(.dtors)
 *(EXCLUDE_FILE(*crtend.o *crtend?.o) .dtors)
 *(SORT_BY_NAME(.dtors.*))
 *(.dtors)
                0x00003884                __DTOR_END__ = .

.preinit_array  0x00003884        0x0
                0x00003884                PROVIDE (__preinit_array_start = .)
 *(.preinit_array*)
                0x00003884                PROVIDE (__preinit_array_end = .)

.init_array     0x00003884        0x8
                0x00003884                PROVIDE (__init_array_start = .)
 *(SORT_BY_NAME(.init_array.*))
 .init_array.00000
                0x00003884        0x4 C:/NXP/S32DS.3.4/S32DS/build_tools/gcc_v9.2/gcc-9.2-arm32-eabi/arm-none-eabi/newlib/lib/thumb/v7e-m/nofp\libc.a(lib_a-__call_atexit.o)
 *(.init_array*)
 .init_array    0x00003888        0x4 c:/nxp/s32ds.3.4/s32ds/build_tools/gcc_v9.2/gcc-9.2-arm32-eabi/bin/../lib/gcc/arm-none-eabi/9.2.0/thumb/v7e-m/nofp/crtbegin.o
                0x0000388c                PROVIDE (__init_array_end = .)

.fini_array     0x0000388c        0x4
                0x0000388c                PROVIDE (__fini_array_start = .)
 *(SORT_BY_NAME(.fini_array.*))
 *(.fini_array*)
 .fini_array    0x0000388c        0x4 c:/nxp/s32ds.3.4/s32ds/build_tools/gcc_v9.2/gcc-9.2-arm32-eabi/bin/../lib/gcc/arm-none-eabi/9.2.0/thumb/v7e-m/nofp/crtbegin.o
                0x00003890                PROVIDE (__fini_array_end = .)
                0x00003890                __etext = .
                0x00003890                __DATA_ROM = .

.interrupts_ram
                0x1fff8000      0x400
                0x1fff8000                . = ALIGN (0x4)
                0x1fff8000                __VECTOR_RAM__ = .
                0x1fff8000                __RAM_START = .
                0x1fff8000                __interrupts_ram_start__ = .
 *(.m_interrupts_ram)
                0x1fff8400                . = (. + M_VECTOR_RAM_SIZE)
 *fill*         0x1fff8000      0x400 
                0x1fff8400                . = ALIGN (0x4)
                0x1fff8400                __interrupts_ram_end__ = .
                0x1fff8000                __VECTOR_RAM = DEFINED (__flash_vector_table__)?ORIGIN (m_interrupts):__VECTOR_RAM__
                0x00000400                __RAM_VECTOR_TABLE_SIZE = DEFINED (__flash_vector_table__)?0x0:(__interrupts_ram_end__ - __interrupts_ram_start__)

.data           0x1fff8400      0x428 load address 0x00003890
                0x1fff8400                . = ALIGN (0x4)
                0x1fff8400                __DATA_RAM = .
                0x1fff8400                __data_start__ = .
 *(.data)
 *(.data*)
 .data.GPIO_drv
                0x1fff8400        0x4 ./src/main.o
 .data.__fdlib_version
                0x1fff8404        0x1 C:/NXP/S32DS.3.4/S32DS/build_tools/gcc_v9.2/gcc-9.2-arm32-eabi/arm-none-eabi/newlib/lib/thumb/v7e-m/nofp\libm.a(lib_a-s_lib_ver.o)
                0x1fff8404                __fdlib_version
 *fill*         0x1fff8405        0x3 
 .data._impure_ptr
                0x1fff8408        0x4 C:/NXP/S32DS.3.4/S32DS/build_tools/gcc_v9.2/gcc-9.2-arm32-eabi/arm-none-eabi/newlib/lib/thumb/v7e-m/nofp\libc.a(lib_a-impure.o)
                0x1fff8408                _impure_ptr
 *fill*         0x1fff840c        0x4 
 .data.impure_data
                0x1fff8410      0x418 C:/NXP/S32DS.3.4/S32DS/build_tools/gcc_v9.2/gcc-9.2-arm32-eabi/arm-none-eabi/newlib/lib/thumb/v7e-m/nofp\libc.a(lib_a-impure.o)
 *(.jcr*)
                0x1fff8828                . = ALIGN (0x4)
                0x1fff8828                __data_end__ = .
                0x00003cb8                __DATA_END = (__DATA_ROM + (__data_end__ - __data_start__))
                0x00003cb8                __CODE_ROM = __DATA_END

.tm_clone_table
                0x1fff8828        0x0 load address 0x00003cb8
 .tm_clone_table
                0x1fff8828        0x0 c:/nxp/s32ds.3.4/s32ds/build_tools/gcc_v9.2/gcc-9.2-arm32-eabi/bin/../lib/gcc/arm-none-eabi/9.2.0/thumb/v7e-m/nofp/crtbegin.o
 .tm_clone_table
                0x1fff8828        0x0 c:/nxp/s32ds.3.4/s32ds/build_tools/gcc_v9.2/gcc-9.2-arm32-eabi/bin/../lib/gcc/arm-none-eabi/9.2.0/thumb/v7e-m/nofp/crtend.o

.igot.plt       0x1fff8828        0x0 load address 0x00003cb8
 .igot.plt      0x1fff8828        0x0 c:/nxp/s32ds.3.4/s32ds/build_tools/gcc_v9.2/gcc-9.2-arm32-eabi/bin/../lib/gcc/arm-none-eabi/9.2.0/thumb/v7e-m/nofp/crtbegin.o

.code           0x1fff8828        0x0 load address 0x00003cb8
                0x1fff8828                . = ALIGN (0x4)
                0x1fff8828                __CODE_RAM = .
                0x1fff8828                __code_start__ = .
                0x1fff8828                __code_ram_start__ = .
 *(.code_ram)
                0x1fff8828                . = ALIGN (0x4)
                0x1fff8828                __code_end__ = .
                0x1fff8828                __code_ram_end__ = .
                0x00003cb8                __CODE_END = (__CODE_ROM + (__code_end__ - __code_start__))
                0x00003cb8                __CUSTOM_ROM = __CODE_END

.customSectionBlock
                0x20000000        0x0 load address 0x00003cb8
                0x20000000                __customSection_start__ = .
 *(.customSection)
                0x20000000                __customSection_end__ = .
                0x00003cb8                __CUSTOM_END = (__CUSTOM_ROM + (__customSection_end__ - __customSection_start__))

.bss            0x20000000       0x54
                0x20000000                . = ALIGN (0x4)
                0x20000000                __BSS_START = .
                0x20000000                __bss_start__ = .
 *(.bss)
 .bss           0x20000000       0x1c c:/nxp/s32ds.3.4/s32ds/build_tools/gcc_v9.2/gcc-9.2-arm32-eabi/bin/../lib/gcc/arm-none-eabi/9.2.0/thumb/v7e-m/nofp/crtbegin.o
 *(.bss*)
 .bss.milliseconds
                0x2000001c        0x4 ./core/systick.o
                0x2000001c                milliseconds
 .bss.gpio_event_cb
                0x20000020        0x4 ./drivers/Driver_GPIO.o
 .bss.buttonPressed
                0x20000024        0x1 ./src/main.o
                0x20000024                buttonPressed
 *fill*         0x20000025        0x3 
 .bss.timerCounter
                0x20000028        0x4 ./src/main.o
                0x20000028                timerCounter
 .bss.num       0x2000002c        0x2 ./src/main.o
                0x2000002c                num
 .bss.ADC_Value
                0x2000002e        0x2 ./src/main.o
                0x2000002e                ADC_Value
 .bss.previous_volume_value
                0x20000030        0x2 ./src/main.o
                0x20000030                previous_volume_value
 *fill*         0x20000032        0x2 
 .bss.p         0x20000034        0xa ./src/main.o
                0x20000034                p
 *fill*         0x2000003e        0x2 
 .bss.temp_str  0x20000040        0xa ./src/main.o
                0x20000040                temp_str
 .bss.i         0x2000004a        0x1 ./src/main.o
                0x2000004a                i
 .bss.messageReceived
                0x2000004b        0x1 ./src/main.o
                0x2000004b                messageReceived
 .bss.on_led    0x2000004c        0x1 ./src/main.o
                0x2000004c                on_led
 *fill*         0x2000004d        0x3 
 .bss.FunctionCall
                0x20000050        0x4 ./src/uart.o
 *(COMMON)
                0x20000054                . = ALIGN (0x4)
                0x20000054                __bss_end__ = .
                0x20000054                __BSS_END = .

.heap           0x20000054      0x404
                0x20000058                . = ALIGN (0x8)
 *fill*         0x20000054        0x4 
                0x20000058                __end__ = .
                0x20000058                __heap_start__ = .
                0x20000058                PROVIDE (end = .)
                [!provide]                PROVIDE (_end = .)
                [!provide]                PROVIDE (__end = .)
                0x20000058                __HeapBase = .
                0x20000458                . = (. + HEAP_SIZE)
 *fill*         0x20000058      0x400 
                0x20000458                __HeapLimit = .
                0x20000458                __heap_limit = .
                0x20000458                __heap_end__ = .
                0x20007000                __StackTop = (ORIGIN (m_data_2) + LENGTH (m_data_2))
                0x20006c00                __StackLimit = (__StackTop - STACK_SIZE)
                0x20007000                PROVIDE (__stack = __StackTop)
                0x20007000                __RAM_END = __StackTop

.stack          0x20006c00      0x400
                0x20006c00                . = ALIGN (0x8)
                0x20006c00                __stack_start__ = .
                0x20007000                . = (. + STACK_SIZE)
 *fill*         0x20006c00      0x400 
                0x20007000                __stack_end__ = .
                0x20000000                __START_BSS = __BSS_START
                0x20000054                __END_BSS = __BSS_END
                0x20007000                __SP_INIT = __StackTop

.ARM.attributes
                0x00000000       0x2a
 *(.ARM.attributes)
 .ARM.attributes
                0x00000000       0x1e c:/nxp/s32ds.3.4/s32ds/build_tools/gcc_v9.2/gcc-9.2-arm32-eabi/bin/../lib/gcc/arm-none-eabi/9.2.0/thumb/v7e-m/nofp/crti.o
 .ARM.attributes
                0x0000001e       0x2e c:/nxp/s32ds.3.4/s32ds/build_tools/gcc_v9.2/gcc-9.2-arm32-eabi/bin/../lib/gcc/arm-none-eabi/9.2.0/thumb/v7e-m/nofp/crtbegin.o
 .ARM.attributes
                0x0000004c       0x1c C:/NXP/S32DS.3.4/S32DS/build_tools/gcc_v9.2/gcc-9.2-arm32-eabi/arm-none-eabi/newlib/lib/thumb/v7e-m/nofp/crt0.o
 .ARM.attributes
                0x00000068       0x2e ./Project_Settings/Startup_Code/startup.o
 .ARM.attributes
                0x00000096       0x1b ./Project_Settings/Startup_Code/startup_S32K144.o
 .ARM.attributes
                0x000000b1       0x2e ./Project_Settings/Startup_Code/system_S32K144.o
 .ARM.attributes
                0x000000df       0x2e ./core/Core_NVIC.o
 .ARM.attributes
                0x0000010d       0x2e ./core/systick.o
 .ARM.attributes
                0x0000013b       0x2e ./drivers/Driver_ADC.o
 .ARM.attributes
                0x00000169       0x2e ./drivers/Driver_GPIO.o
 .ARM.attributes
                0x00000197       0x2e ./src/Message.o
 .ARM.attributes
                0x000001c5       0x2e ./src/main.o
 .ARM.attributes
                0x000001f3       0x2e ./src/uart.o
 .ARM.attributes
                0x00000221       0x2e C:/NXP/S32DS.3.4/S32DS/build_tools/gcc_v9.2/gcc-9.2-arm32-eabi/arm-none-eabi/newlib/lib/thumb/v7e-m/nofp\libm.a(lib_a-w_pow.o)
 .ARM.attributes
                0x0000024f       0x2e C:/NXP/S32DS.3.4/S32DS/build_tools/gcc_v9.2/gcc-9.2-arm32-eabi/arm-none-eabi/newlib/lib/thumb/v7e-m/nofp\libm.a(lib_a-e_pow.o)
 .ARM.attributes
                0x0000027d       0x2e C:/NXP/S32DS.3.4/S32DS/build_tools/gcc_v9.2/gcc-9.2-arm32-eabi/arm-none-eabi/newlib/lib/thumb/v7e-m/nofp\libm.a(lib_a-e_sqrt.o)
 .ARM.attributes
                0x000002ab       0x2e C:/NXP/S32DS.3.4/S32DS/build_tools/gcc_v9.2/gcc-9.2-arm32-eabi/arm-none-eabi/newlib/lib/thumb/v7e-m/nofp\libm.a(lib_a-s_fabs.o)
 .ARM.attributes
                0x000002d9       0x2e C:/NXP/S32DS.3.4/S32DS/build_tools/gcc_v9.2/gcc-9.2-arm32-eabi/arm-none-eabi/newlib/lib/thumb/v7e-m/nofp\libm.a(lib_a-s_finite.o)
 .ARM.attributes
                0x00000307       0x2e C:/NXP/S32DS.3.4/S32DS/build_tools/gcc_v9.2/gcc-9.2-arm32-eabi/arm-none-eabi/newlib/lib/thumb/v7e-m/nofp\libm.a(lib_a-s_lib_ver.o)
 .ARM.attributes
                0x00000335       0x2e C:/NXP/S32DS.3.4/S32DS/build_tools/gcc_v9.2/gcc-9.2-arm32-eabi/arm-none-eabi/newlib/lib/thumb/v7e-m/nofp\libm.a(lib_a-s_matherr.o)
 .ARM.attributes
                0x00000363       0x2e C:/NXP/S32DS.3.4/S32DS/build_tools/gcc_v9.2/gcc-9.2-arm32-eabi/arm-none-eabi/newlib/lib/thumb/v7e-m/nofp\libm.a(lib_a-s_nan.o)
 .ARM.attributes
                0x00000391       0x2e C:/NXP/S32DS.3.4/S32DS/build_tools/gcc_v9.2/gcc-9.2-arm32-eabi/arm-none-eabi/newlib/lib/thumb/v7e-m/nofp\libm.a(lib_a-s_rint.o)
 .ARM.attributes
                0x000003bf       0x2e C:/NXP/S32DS.3.4/S32DS/build_tools/gcc_v9.2/gcc-9.2-arm32-eabi/arm-none-eabi/newlib/lib/thumb/v7e-m/nofp\libm.a(lib_a-s_scalbn.o)
 .ARM.attributes
                0x000003ed       0x1e c:/nxp/s32ds.3.4/s32ds/build_tools/gcc_v9.2/gcc-9.2-arm32-eabi/bin/../lib/gcc/arm-none-eabi/9.2.0/thumb/v7e-m/nofp\libgcc.a(_arm_addsubdf3.o)
 .ARM.attributes
                0x0000040b       0x1e c:/nxp/s32ds.3.4/s32ds/build_tools/gcc_v9.2/gcc-9.2-arm32-eabi/bin/../lib/gcc/arm-none-eabi/9.2.0/thumb/v7e-m/nofp\libgcc.a(_arm_muldivdf3.o)
 .ARM.attributes
                0x00000429       0x1e c:/nxp/s32ds.3.4/s32ds/build_tools/gcc_v9.2/gcc-9.2-arm32-eabi/bin/../lib/gcc/arm-none-eabi/9.2.0/thumb/v7e-m/nofp\libgcc.a(_arm_cmpdf2.o)
 .ARM.attributes
                0x00000447       0x1e c:/nxp/s32ds.3.4/s32ds/build_tools/gcc_v9.2/gcc-9.2-arm32-eabi/bin/../lib/gcc/arm-none-eabi/9.2.0/thumb/v7e-m/nofp\libgcc.a(_arm_unorddf2.o)
 .ARM.attributes
                0x00000465       0x1e c:/nxp/s32ds.3.4/s32ds/build_tools/gcc_v9.2/gcc-9.2-arm32-eabi/bin/../lib/gcc/arm-none-eabi/9.2.0/thumb/v7e-m/nofp\libgcc.a(_arm_fixunsdfsi.o)
 .ARM.attributes
                0x00000483       0x2e C:/NXP/S32DS.3.4/S32DS/build_tools/gcc_v9.2/gcc-9.2-arm32-eabi/arm-none-eabi/newlib/lib/thumb/v7e-m/nofp\libc.a(lib_a-errno.o)
 .ARM.attributes
                0x000004b1       0x2e C:/NXP/S32DS.3.4/S32DS/build_tools/gcc_v9.2/gcc-9.2-arm32-eabi/arm-none-eabi/newlib/lib/thumb/v7e-m/nofp\libc.a(lib_a-exit.o)
 .ARM.attributes
                0x000004df       0x2e C:/NXP/S32DS.3.4/S32DS/build_tools/gcc_v9.2/gcc-9.2-arm32-eabi/arm-none-eabi/newlib/lib/thumb/v7e-m/nofp\libc.a(lib_a-impure.o)
 .ARM.attributes
                0x0000050d       0x2e C:/NXP/S32DS.3.4/S32DS/build_tools/gcc_v9.2/gcc-9.2-arm32-eabi/arm-none-eabi/newlib/lib/thumb/v7e-m/nofp\libc.a(lib_a-init.o)
 .ARM.attributes
                0x0000053b       0x2e C:/NXP/S32DS.3.4/S32DS/build_tools/gcc_v9.2/gcc-9.2-arm32-eabi/arm-none-eabi/newlib/lib/thumb/v7e-m/nofp\libc.a(lib_a-memset.o)
 .ARM.attributes
                0x00000569       0x2e C:/NXP/S32DS.3.4/S32DS/build_tools/gcc_v9.2/gcc-9.2-arm32-eabi/arm-none-eabi/newlib/lib/thumb/v7e-m/nofp\libc.a(lib_a-strncpy.o)
 .ARM.attributes
                0x00000597       0x2e C:/NXP/S32DS.3.4/S32DS/build_tools/gcc_v9.2/gcc-9.2-arm32-eabi/arm-none-eabi/newlib/lib/thumb/v7e-m/nofp\libc.a(lib_a-__call_atexit.o)
 .ARM.attributes
                0x000005c5       0x2e C:/NXP/S32DS.3.4/S32DS/build_tools/gcc_v9.2/gcc-9.2-arm32-eabi/arm-none-eabi/newlib/lib/thumb/v7e-m/nofp\libc.a(lib_a-fini.o)
 .ARM.attributes
                0x000005f3       0x2e C:/NXP/S32DS.3.4/S32DS/build_tools/gcc_v9.2/gcc-9.2-arm32-eabi/arm-none-eabi/newlib/lib/thumb/v7e-m/nofp\libc.a(lib_a-atexit.o)
 .ARM.attributes
                0x00000621       0x2e C:/NXP/S32DS.3.4/S32DS/build_tools/gcc_v9.2/gcc-9.2-arm32-eabi/arm-none-eabi/newlib/lib/thumb/v7e-m/nofp\libc.a(lib_a-__atexit.o)
 .ARM.attributes
                0x0000064f       0x2e C:/NXP/S32DS.3.4/S32DS/build_tools/gcc_v9.2/gcc-9.2-arm32-eabi/arm-none-eabi/newlib/lib/thumb/v7e-m/nofp\libnosys.a(_exit.o)
 .ARM.attributes
                0x0000067d       0x2e c:/nxp/s32ds.3.4/s32ds/build_tools/gcc_v9.2/gcc-9.2-arm32-eabi/bin/../lib/gcc/arm-none-eabi/9.2.0/thumb/v7e-m/nofp/crtend.o
 .ARM.attributes
                0x000006ab       0x1e c:/nxp/s32ds.3.4/s32ds/build_tools/gcc_v9.2/gcc-9.2-arm32-eabi/bin/../lib/gcc/arm-none-eabi/9.2.0/thumb/v7e-m/nofp/crtn.o
                0x00000001                ASSERT ((__StackLimit >= __HeapLimit), region m_data_2 overflowed with stack and heap)
OUTPUT(MCU_ME.elf elf32-littlearm)

.comment        0x00000000       0x80
 .comment       0x00000000       0x80 c:/nxp/s32ds.3.4/s32ds/build_tools/gcc_v9.2/gcc-9.2-arm32-eabi/bin/../lib/gcc/arm-none-eabi/9.2.0/thumb/v7e-m/nofp/crtbegin.o
                                 0x81 (size before relaxing)
 .comment       0x00000080       0x81 ./Project_Settings/Startup_Code/startup.o
 .comment       0x00000080       0x81 ./Project_Settings/Startup_Code/system_S32K144.o
 .comment       0x00000080       0x81 ./core/Core_NVIC.o
 .comment       0x00000080       0x81 ./core/systick.o
 .comment       0x00000080       0x81 ./drivers/Driver_ADC.o
 .comment       0x00000080       0x81 ./drivers/Driver_GPIO.o
 .comment       0x00000080       0x81 ./src/Message.o
 .comment       0x00000080       0x81 ./src/main.o
 .comment       0x00000080       0x81 ./src/uart.o
 .comment       0x00000080       0x81 c:/nxp/s32ds.3.4/s32ds/build_tools/gcc_v9.2/gcc-9.2-arm32-eabi/bin/../lib/gcc/arm-none-eabi/9.2.0/thumb/v7e-m/nofp/crtend.o

.debug_info     0x00000000     0x586f
 .debug_info    0x00000000      0x4af ./Project_Settings/Startup_Code/startup.o
 .debug_info    0x000004af       0x26 ./Project_Settings/Startup_Code/startup_S32K144.o
 .debug_info    0x000004d5      0x567 ./Project_Settings/Startup_Code/system_S32K144.o
 .debug_info    0x00000a3c      0x4e1 ./core/Core_NVIC.o
 .debug_info    0x00000f1d      0x3da ./core/systick.o
 .debug_info    0x000012f7      0x7ee ./drivers/Driver_ADC.o
 .debug_info    0x00001ae5      0xaff ./drivers/Driver_GPIO.o
 .debug_info    0x000025e4      0xc69 ./src/Message.o
 .debug_info    0x0000324d     0x1b3a ./src/main.o
 .debug_info    0x00004d87      0xae8 ./src/uart.o

.debug_abbrev   0x00000000     0x1134
 .debug_abbrev  0x00000000      0x11c ./Project_Settings/Startup_Code/startup.o
 .debug_abbrev  0x0000011c       0x14 ./Project_Settings/Startup_Code/startup_S32K144.o
 .debug_abbrev  0x00000130      0x13f ./Project_Settings/Startup_Code/system_S32K144.o
 .debug_abbrev  0x0000026f      0x11b ./core/Core_NVIC.o
 .debug_abbrev  0x0000038a      0x136 ./core/systick.o
 .debug_abbrev  0x000004c0      0x14f ./drivers/Driver_ADC.o
 .debug_abbrev  0x0000060f      0x252 ./drivers/Driver_GPIO.o
 .debug_abbrev  0x00000861      0x2cd ./src/Message.o
 .debug_abbrev  0x00000b2e      0x3d9 ./src/main.o
 .debug_abbrev  0x00000f07      0x22d ./src/uart.o

.debug_aranges  0x00000000      0x2b8
 .debug_aranges
                0x00000000       0x20 ./Project_Settings/Startup_Code/startup.o
 .debug_aranges
                0x00000020       0x20 ./Project_Settings/Startup_Code/startup_S32K144.o
 .debug_aranges
                0x00000040       0x30 ./Project_Settings/Startup_Code/system_S32K144.o
 .debug_aranges
                0x00000070       0x30 ./core/Core_NVIC.o
 .debug_aranges
                0x000000a0       0x38 ./core/systick.o
 .debug_aranges
                0x000000d8       0x28 ./drivers/Driver_ADC.o
 .debug_aranges
                0x00000100       0x60 ./drivers/Driver_GPIO.o
 .debug_aranges
                0x00000160       0x60 ./src/Message.o
 .debug_aranges
                0x000001c0       0x78 ./src/main.o
 .debug_aranges
                0x00000238       0x80 ./src/uart.o

.debug_ranges   0x00000000      0x238
 .debug_ranges  0x00000000       0x10 ./Project_Settings/Startup_Code/startup.o
 .debug_ranges  0x00000010       0x20 ./Project_Settings/Startup_Code/system_S32K144.o
 .debug_ranges  0x00000030       0x20 ./core/Core_NVIC.o
 .debug_ranges  0x00000050       0x28 ./core/systick.o
 .debug_ranges  0x00000078       0x18 ./drivers/Driver_ADC.o
 .debug_ranges  0x00000090       0x68 ./drivers/Driver_GPIO.o
 .debug_ranges  0x000000f8       0x50 ./src/Message.o
 .debug_ranges  0x00000148       0x80 ./src/main.o
 .debug_ranges  0x000001c8       0x70 ./src/uart.o

.debug_macro    0x00000000    0x20fde
 .debug_macro   0x00000000       0xb5 ./Project_Settings/Startup_Code/startup.o
 .debug_macro   0x000000b5      0xa90 ./Project_Settings/Startup_Code/startup.o
 .debug_macro   0x00000b45       0x22 ./Project_Settings/Startup_Code/startup.o
 .debug_macro   0x00000b67       0x8e ./Project_Settings/Startup_Code/startup.o
 .debug_macro   0x00000bf5       0x51 ./Project_Settings/Startup_Code/startup.o
 .debug_macro   0x00000c46       0xef ./Project_Settings/Startup_Code/startup.o
 .debug_macro   0x00000d35       0x6a ./Project_Settings/Startup_Code/startup.o
 .debug_macro   0x00000d9f      0x1df ./Project_Settings/Startup_Code/startup.o
 .debug_macro   0x00000f7e       0x10 ./Project_Settings/Startup_Code/startup.o
 .debug_macro   0x00000f8e       0x7a ./Project_Settings/Startup_Code/startup.o
 .debug_macro   0x00001008     0xee97 ./Project_Settings/Startup_Code/startup.o
 .debug_macro   0x0000fe9f      0xbbe ./Project_Settings/Startup_Code/startup.o
 .debug_macro   0x00010a5d       0x22 ./Project_Settings/Startup_Code/startup.o
 .debug_macro   0x00010a7f       0x40 ./Project_Settings/Startup_Code/startup.o
 .debug_macro   0x00010abf       0xb5 ./Project_Settings/Startup_Code/system_S32K144.o
 .debug_macro   0x00010b74       0x19 ./Project_Settings/Startup_Code/system_S32K144.o
 .debug_macro   0x00010b8d     0xee82 ./Project_Settings/Startup_Code/system_S32K144.o
 .debug_macro   0x0001fa0f       0x28 ./Project_Settings/Startup_Code/system_S32K144.o
 .debug_macro   0x0001fa37       0x7c ./core/Core_NVIC.o
 .debug_macro   0x0001fab3       0x86 ./core/systick.o
 .debug_macro   0x0001fb39       0x8a ./drivers/Driver_ADC.o
 .debug_macro   0x0001fbc3       0xa8 ./drivers/Driver_GPIO.o
 .debug_macro   0x0001fc6b       0x10 ./drivers/Driver_GPIO.o
 .debug_macro   0x0001fc7b      0x174 ./drivers/Driver_GPIO.o
 .debug_macro   0x0001fdef       0x34 ./drivers/Driver_GPIO.o
 .debug_macro   0x0001fe23      0x225 ./src/Message.o
 .debug_macro   0x00020048       0x52 ./src/Message.o
 .debug_macro   0x0002009a       0x18 ./src/Message.o
 .debug_macro   0x000200b2       0x35 ./src/Message.o
 .debug_macro   0x000200e7       0x34 ./src/Message.o
 .debug_macro   0x0002011b       0x52 ./src/Message.o
 .debug_macro   0x0002016d       0x1f ./src/Message.o
 .debug_macro   0x0002018c       0x43 ./src/Message.o
 .debug_macro   0x000201cf       0x20 ./src/Message.o
 .debug_macro   0x000201ef      0x18e ./src/Message.o
 .debug_macro   0x0002037d      0x339 ./src/Message.o
 .debug_macro   0x000206b6       0x10 ./src/Message.o
 .debug_macro   0x000206c6       0x35 ./src/Message.o
 .debug_macro   0x000206fb       0x1c ./src/Message.o
 .debug_macro   0x00020717       0x10 ./src/Message.o
 .debug_macro   0x00020727       0x10 ./src/Message.o
 .debug_macro   0x00020737       0x1c ./src/Message.o
 .debug_macro   0x00020753       0x52 ./src/Message.o
 .debug_macro   0x000207a5       0x40 ./src/Message.o
 .debug_macro   0x000207e5       0x10 ./src/Message.o
 .debug_macro   0x000207f5       0x40 ./src/Message.o
 .debug_macro   0x00020835       0xd7 ./src/Message.o
 .debug_macro   0x0002090c       0x1c ./src/Message.o
 .debug_macro   0x00020928       0x3d ./src/Message.o
 .debug_macro   0x00020965       0x16 ./src/Message.o
 .debug_macro   0x0002097b      0x16f ./src/Message.o
 .debug_macro   0x00020aea      0x1e1 ./src/Message.o
 .debug_macro   0x00020ccb      0x287 ./src/main.o
 .debug_macro   0x00020f52       0x10 ./src/main.o
 .debug_macro   0x00020f62       0x7c ./src/uart.o

.debug_line     0x00000000     0x2754
 .debug_line    0x00000000      0x365 ./Project_Settings/Startup_Code/startup.o
 .debug_line    0x00000365       0x91 ./Project_Settings/Startup_Code/startup_S32K144.o
 .debug_line    0x000003f6      0x39b ./Project_Settings/Startup_Code/system_S32K144.o
 .debug_line    0x00000791      0x2bc ./core/Core_NVIC.o
 .debug_line    0x00000a4d      0x2dc ./core/systick.o
 .debug_line    0x00000d29      0x2de ./drivers/Driver_ADC.o
 .debug_line    0x00001007      0x530 ./drivers/Driver_GPIO.o
 .debug_line    0x00001537      0x557 ./src/Message.o
 .debug_line    0x00001a8e      0x7d9 ./src/main.o
 .debug_line    0x00002267      0x4ed ./src/uart.o

.debug_str      0x00000000    0x6f94e
 .debug_str     0x00000000    0x69cb4 ./Project_Settings/Startup_Code/startup.o
                              0x69ee1 (size before relaxing)
 .debug_str     0x00069cb4       0x3f ./Project_Settings/Startup_Code/startup_S32K144.o
                                 0x66 (size before relaxing)
 .debug_str     0x00069cf3      0x1f3 ./Project_Settings/Startup_Code/system_S32K144.o
                              0x69cba (size before relaxing)
 .debug_str     0x00069ee6      0x65d ./core/Core_NVIC.o
                              0x64643 (size before relaxing)
 .debug_str     0x0006a543       0x93 ./core/systick.o
                              0x645ee (size before relaxing)
 .debug_str     0x0006a5d6      0x273 ./drivers/Driver_ADC.o
                              0x648a9 (size before relaxing)
 .debug_str     0x0006a849      0x6f5 ./drivers/Driver_GPIO.o
                              0x64dc4 (size before relaxing)
 .debug_str     0x0006af3e     0x4603 ./src/Message.o
                               0x8729 (size before relaxing)
 .debug_str     0x0006f541      0x280 ./src/main.o
                              0x69704 (size before relaxing)
 .debug_str     0x0006f7c1      0x18d ./src/uart.o
                              0x64923 (size before relaxing)

.debug_frame    0x00000000      0xe08
 .debug_frame   0x00000000       0x38 ./Project_Settings/Startup_Code/startup.o
 .debug_frame   0x00000038       0x80 ./Project_Settings/Startup_Code/system_S32K144.o
 .debug_frame   0x000000b8       0x88 ./core/Core_NVIC.o
 .debug_frame   0x00000140       0x98 ./core/systick.o
 .debug_frame   0x000001d8       0x54 ./drivers/Driver_ADC.o
 .debug_frame   0x0000022c      0x174 ./drivers/Driver_GPIO.o
 .debug_frame   0x000003a0      0x170 ./src/Message.o
 .debug_frame   0x00000510      0x19c ./src/main.o
 .debug_frame   0x000006ac      0x1f0 ./src/uart.o
 .debug_frame   0x0000089c       0x40 C:/NXP/S32DS.3.4/S32DS/build_tools/gcc_v9.2/gcc-9.2-arm32-eabi/arm-none-eabi/newlib/lib/thumb/v7e-m/nofp\libm.a(lib_a-w_pow.o)
 .debug_frame   0x000008dc       0x64 C:/NXP/S32DS.3.4/S32DS/build_tools/gcc_v9.2/gcc-9.2-arm32-eabi/arm-none-eabi/newlib/lib/thumb/v7e-m/nofp\libm.a(lib_a-e_pow.o)
 .debug_frame   0x00000940       0x30 C:/NXP/S32DS.3.4/S32DS/build_tools/gcc_v9.2/gcc-9.2-arm32-eabi/arm-none-eabi/newlib/lib/thumb/v7e-m/nofp\libm.a(lib_a-e_sqrt.o)
 .debug_frame   0x00000970       0x20 C:/NXP/S32DS.3.4/S32DS/build_tools/gcc_v9.2/gcc-9.2-arm32-eabi/arm-none-eabi/newlib/lib/thumb/v7e-m/nofp\libm.a(lib_a-s_fabs.o)
 .debug_frame   0x00000990       0x20 C:/NXP/S32DS.3.4/S32DS/build_tools/gcc_v9.2/gcc-9.2-arm32-eabi/arm-none-eabi/newlib/lib/thumb/v7e-m/nofp\libm.a(lib_a-s_finite.o)
 .debug_frame   0x000009b0       0x20 C:/NXP/S32DS.3.4/S32DS/build_tools/gcc_v9.2/gcc-9.2-arm32-eabi/arm-none-eabi/newlib/lib/thumb/v7e-m/nofp\libm.a(lib_a-s_matherr.o)
 .debug_frame   0x000009d0       0x20 C:/NXP/S32DS.3.4/S32DS/build_tools/gcc_v9.2/gcc-9.2-arm32-eabi/arm-none-eabi/newlib/lib/thumb/v7e-m/nofp\libm.a(lib_a-s_nan.o)
 .debug_frame   0x000009f0       0x34 C:/NXP/S32DS.3.4/S32DS/build_tools/gcc_v9.2/gcc-9.2-arm32-eabi/arm-none-eabi/newlib/lib/thumb/v7e-m/nofp\libm.a(lib_a-s_rint.o)
 .debug_frame   0x00000a24       0x30 C:/NXP/S32DS.3.4/S32DS/build_tools/gcc_v9.2/gcc-9.2-arm32-eabi/arm-none-eabi/newlib/lib/thumb/v7e-m/nofp\libm.a(lib_a-s_scalbn.o)
 .debug_frame   0x00000a54       0xac c:/nxp/s32ds.3.4/s32ds/build_tools/gcc_v9.2/gcc-9.2-arm32-eabi/bin/../lib/gcc/arm-none-eabi/9.2.0/thumb/v7e-m/nofp\libgcc.a(_arm_addsubdf3.o)
 .debug_frame   0x00000b00       0x50 c:/nxp/s32ds.3.4/s32ds/build_tools/gcc_v9.2/gcc-9.2-arm32-eabi/bin/../lib/gcc/arm-none-eabi/9.2.0/thumb/v7e-m/nofp\libgcc.a(_arm_muldivdf3.o)
 .debug_frame   0x00000b50       0xc4 c:/nxp/s32ds.3.4/s32ds/build_tools/gcc_v9.2/gcc-9.2-arm32-eabi/bin/../lib/gcc/arm-none-eabi/9.2.0/thumb/v7e-m/nofp\libgcc.a(_arm_cmpdf2.o)
 .debug_frame   0x00000c14       0x20 c:/nxp/s32ds.3.4/s32ds/build_tools/gcc_v9.2/gcc-9.2-arm32-eabi/bin/../lib/gcc/arm-none-eabi/9.2.0/thumb/v7e-m/nofp\libgcc.a(_arm_unorddf2.o)
 .debug_frame   0x00000c34       0x24 c:/nxp/s32ds.3.4/s32ds/build_tools/gcc_v9.2/gcc-9.2-arm32-eabi/bin/../lib/gcc/arm-none-eabi/9.2.0/thumb/v7e-m/nofp\libgcc.a(_arm_fixunsdfsi.o)
 .debug_frame   0x00000c58       0x20 C:/NXP/S32DS.3.4/S32DS/build_tools/gcc_v9.2/gcc-9.2-arm32-eabi/arm-none-eabi/newlib/lib/thumb/v7e-m/nofp\libc.a(lib_a-errno.o)
 .debug_frame   0x00000c78       0x28 C:/NXP/S32DS.3.4/S32DS/build_tools/gcc_v9.2/gcc-9.2-arm32-eabi/arm-none-eabi/newlib/lib/thumb/v7e-m/nofp\libc.a(lib_a-exit.o)
 .debug_frame   0x00000ca0       0x2c C:/NXP/S32DS.3.4/S32DS/build_tools/gcc_v9.2/gcc-9.2-arm32-eabi/arm-none-eabi/newlib/lib/thumb/v7e-m/nofp\libc.a(lib_a-init.o)
 .debug_frame   0x00000ccc       0x20 C:/NXP/S32DS.3.4/S32DS/build_tools/gcc_v9.2/gcc-9.2-arm32-eabi/arm-none-eabi/newlib/lib/thumb/v7e-m/nofp\libc.a(lib_a-memset.o)
 .debug_frame   0x00000cec       0x28 C:/NXP/S32DS.3.4/S32DS/build_tools/gcc_v9.2/gcc-9.2-arm32-eabi/arm-none-eabi/newlib/lib/thumb/v7e-m/nofp\libc.a(lib_a-strncpy.o)
 .debug_frame   0x00000d14       0x4c C:/NXP/S32DS.3.4/S32DS/build_tools/gcc_v9.2/gcc-9.2-arm32-eabi/arm-none-eabi/newlib/lib/thumb/v7e-m/nofp\libc.a(lib_a-__call_atexit.o)
 .debug_frame   0x00000d60       0x38 C:/NXP/S32DS.3.4/S32DS/build_tools/gcc_v9.2/gcc-9.2-arm32-eabi/arm-none-eabi/newlib/lib/thumb/v7e-m/nofp\libc.a(lib_a-fini.o)
 .debug_frame   0x00000d98       0x20 C:/NXP/S32DS.3.4/S32DS/build_tools/gcc_v9.2/gcc-9.2-arm32-eabi/arm-none-eabi/newlib/lib/thumb/v7e-m/nofp\libc.a(lib_a-atexit.o)
 .debug_frame   0x00000db8       0x30 C:/NXP/S32DS.3.4/S32DS/build_tools/gcc_v9.2/gcc-9.2-arm32-eabi/arm-none-eabi/newlib/lib/thumb/v7e-m/nofp\libc.a(lib_a-__atexit.o)
 .debug_frame   0x00000de8       0x20 C:/NXP/S32DS.3.4/S32DS/build_tools/gcc_v9.2/gcc-9.2-arm32-eabi/arm-none-eabi/newlib/lib/thumb/v7e-m/nofp\libnosys.a(_exit.o)

.stabstr        0x00000000      0x14d
 .stabstr       0x00000000      0x14d C:/NXP/S32DS.3.4/S32DS/build_tools/gcc_v9.2/gcc-9.2-arm32-eabi/arm-none-eabi/newlib/lib/thumb/v7e-m/nofp\libnosys.a(close.o)
